// Jest Snapshot v1, https://goo.gl/fbAQLP

exports[`testing video component rendering video with props id 1`] = `
<div
  className="video-container"
>
  <div
    className="video"
  >
    <iframe
      allow="autoplay; encrypted-media"
      allowFullScreen={true}
      className="video-player"
      frameBorder="0"
      height="315"
      src="https://www.youtube.com/embed/HAuXJVI_bUs?autoplay=1"
      title="video"
      width="560"
    />
  </div>
</div>
`;

exports[`testing video component renders null if id in video component not specified  1`] = `""`;
