// Jest Snapshot v1, https://goo.gl/fbAQLP

exports[`rendering the watchcomponent 1`] = `
<div
  style={
    Object {
      "maxWidth": "80%",
    }
  }
>
  <Video
    className="video"
    id="-7fuHEEmEjs"
  />
  <VideoMetadata
    className="metadata"
    viewCount={1000}
  />
  <VideoInfoBox
    className="video-info-box"
  />
  <Comments
    className="comments"
  />
  <RelatedVideos
    className="related-videos"
  />
</div>
`;
